🧹 Cleaning up...
🦞 Building Clawsy Ecosystem (Release)...
./build.sh: line 26: swift: command not found
